Archive member included to satisfy reference by file (symbol)

c:/program files (x86)/atmel/studio/7.0/toolchain/avr8/avr8-gnu-toolchain/bin/../lib/gcc/avr/5.4.0/avr5\libgcc.a(_exit.o)
                              C:/Program Files (x86)/Atmel/Studio/7.0/Packs/atmel/ATmega_DFP/1.6.364/gcc/dev/atmega32/avr5/crtatmega32.o (exit)
c:/program files (x86)/atmel/studio/7.0/toolchain/avr8/avr8-gnu-toolchain/bin/../lib/gcc/avr/5.4.0/avr5\libgcc.a(_tablejump2.o)
                              HAL_Drivers/Seven_Segement/Seven_Segement.o (__tablejump2__)
c:/program files (x86)/atmel/studio/7.0/toolchain/avr8/avr8-gnu-toolchain/bin/../lib/gcc/avr/5.4.0/avr5\libgcc.a(_copy_data.o)
                              HAL_Drivers/Keypad_Module/keypad.o (__do_copy_data)
c:/program files (x86)/atmel/studio/7.0/toolchain/avr8/avr8-gnu-toolchain/bin/../lib/gcc/avr/5.4.0/avr5\libgcc.a(_clear_bss.o)
                              HAL_Drivers/LCD_Module/LCD.o (__do_clear_bss)
c:/program files (x86)/atmel/studio/7.0/toolchain/avr8/avr8-gnu-toolchain/bin/../lib/gcc/avr/5.4.0/avr5\libgcc.a(_umulhisi3.o)
                              HAL_Drivers/LCD_Module/LCD.o (__umulhisi3)

Discarded input sections

 .data          0x00000000        0x0 C:/Program Files (x86)/Atmel/Studio/7.0/Packs/atmel/ATmega_DFP/1.6.364/gcc/dev/atmega32/avr5/crtatmega32.o
 .bss           0x00000000        0x0 C:/Program Files (x86)/Atmel/Studio/7.0/Packs/atmel/ATmega_DFP/1.6.364/gcc/dev/atmega32/avr5/crtatmega32.o
 .text          0x00000000        0x0 Applications/Calculator_app.o
 .data          0x00000000        0x0 Applications/Calculator_app.o
 .bss           0x00000000        0x0 Applications/Calculator_app.o
 .debug_line    0x00000000        0x0 Applications/Calculator_app.o
 .debug_str     0x00000000      0x12d Applications/Calculator_app.o
 .comment       0x00000000       0x31 Applications/Calculator_app.o
 .text          0x00000000        0x0 Applications/eeprom_app.o
 .data          0x00000000        0x0 Applications/eeprom_app.o
 .bss           0x00000000        0x0 Applications/eeprom_app.o
 .debug_line    0x00000000        0x0 Applications/eeprom_app.o
 .debug_str     0x00000000      0x129 Applications/eeprom_app.o
 .comment       0x00000000       0x31 Applications/eeprom_app.o
 .text          0x00000000        0x0 Applications/LCD_Keypad_app.o
 .data          0x00000000        0x0 Applications/LCD_Keypad_app.o
 .bss           0x00000000        0x0 Applications/LCD_Keypad_app.o
 .debug_line    0x00000000        0x0 Applications/LCD_Keypad_app.o
 .debug_str     0x00000000      0x12d Applications/LCD_Keypad_app.o
 .comment       0x00000000       0x31 Applications/LCD_Keypad_app.o
 .text          0x00000000        0x0 Applications/Seven_Segement_app.o
 .data          0x00000000        0x0 Applications/Seven_Segement_app.o
 .bss           0x00000000        0x0 Applications/Seven_Segement_app.o
 .debug_line    0x00000000        0x0 Applications/Seven_Segement_app.o
 .debug_str     0x00000000      0x131 Applications/Seven_Segement_app.o
 .comment       0x00000000       0x31 Applications/Seven_Segement_app.o
 .text          0x00000000        0x0 Applications/Seven_Segement_Timer_app.o
 .data          0x00000000        0x0 Applications/Seven_Segement_Timer_app.o
 .bss           0x00000000        0x0 Applications/Seven_Segement_Timer_app.o
 .debug_line    0x00000000        0x0 Applications/Seven_Segement_Timer_app.o
 .debug_str     0x00000000      0x137 Applications/Seven_Segement_Timer_app.o
 .comment       0x00000000       0x31 Applications/Seven_Segement_Timer_app.o
 .text          0x00000000        0x0 Applications/Timer0_app.o
 .data          0x00000000        0x0 Applications/Timer0_app.o
 .bss           0x00000000        0x0 Applications/Timer0_app.o
 .debug_line    0x00000000        0x0 Applications/Timer0_app.o
 .debug_str     0x00000000      0x129 Applications/Timer0_app.o
 .comment       0x00000000       0x31 Applications/Timer0_app.o
 .text          0x00000000        0x0 Applications/Timer0_Freq_generator.o
 .data          0x00000000        0x0 Applications/Timer0_Freq_generator.o
 .bss           0x00000000        0x0 Applications/Timer0_Freq_generator.o
 .debug_line    0x00000000        0x0 Applications/Timer0_Freq_generator.o
 .debug_str     0x00000000      0x134 Applications/Timer0_Freq_generator.o
 .comment       0x00000000       0x31 Applications/Timer0_Freq_generator.o
 .text          0x00000000        0x0 HAL_Drivers/Keypad_Module/keypad.o
 .data          0x00000000        0x0 HAL_Drivers/Keypad_Module/keypad.o
 .bss           0x00000000        0x0 HAL_Drivers/Keypad_Module/keypad.o
 .rodata.keypad_matrix
                0x00000000       0x10 HAL_Drivers/Keypad_Module/keypad.o
 .text          0x00000000        0x0 HAL_Drivers/LCD_Module/LCD.o
 .data          0x00000000        0x0 HAL_Drivers/LCD_Module/LCD.o
 .bss           0x00000000        0x0 HAL_Drivers/LCD_Module/LCD.o
 .text          0x00000000        0x0 HAL_Drivers/Seven_Segement/Seven_Segement.o
 .data          0x00000000        0x0 HAL_Drivers/Seven_Segement/Seven_Segement.o
 .bss           0x00000000        0x0 HAL_Drivers/Seven_Segement/Seven_Segement.o
 .text.Seven_Segement_Init
                0x00000000       0x18 HAL_Drivers/Seven_Segement/Seven_Segement.o
 .text.Seven_Segement_Write_Specific_Num
                0x00000000       0x62 HAL_Drivers/Seven_Segement/Seven_Segement.o
 .text.Seven_Segement_Write_Optimized
                0x00000000       0x74 HAL_Drivers/Seven_Segement/Seven_Segement.o
 .text.Seven_Segement_Write
                0x00000000      0x1d6 HAL_Drivers/Seven_Segement/Seven_Segement.o
 .progmem.gcc_sw_table.Seven_Segement_Write
                0x00000000       0x14 HAL_Drivers/Seven_Segement/Seven_Segement.o
 .data.ss_data  0x00000000        0xa HAL_Drivers/Seven_Segement/Seven_Segement.o
 .debug_info    0x00000000      0x1fd HAL_Drivers/Seven_Segement/Seven_Segement.o
 .debug_abbrev  0x00000000      0x123 HAL_Drivers/Seven_Segement/Seven_Segement.o
 .debug_loc     0x00000000      0x1e6 HAL_Drivers/Seven_Segement/Seven_Segement.o
 .debug_aranges
                0x00000000       0x38 HAL_Drivers/Seven_Segement/Seven_Segement.o
 .debug_ranges  0x00000000       0x28 HAL_Drivers/Seven_Segement/Seven_Segement.o
 .debug_line    0x00000000      0x520 HAL_Drivers/Seven_Segement/Seven_Segement.o
 .debug_str     0x00000000      0x28d HAL_Drivers/Seven_Segement/Seven_Segement.o
 .comment       0x00000000       0x31 HAL_Drivers/Seven_Segement/Seven_Segement.o
 .debug_frame   0x00000000       0x54 HAL_Drivers/Seven_Segement/Seven_Segement.o
 .text          0x00000000        0x0 MCAL_Drivers/DIO_Module/latching_by_external_interrupt.o
 .data          0x00000000        0x0 MCAL_Drivers/DIO_Module/latching_by_external_interrupt.o
 .bss           0x00000000        0x0 MCAL_Drivers/DIO_Module/latching_by_external_interrupt.o
 .debug_line    0x00000000        0x0 MCAL_Drivers/DIO_Module/latching_by_external_interrupt.o
 .debug_str     0x00000000      0x148 MCAL_Drivers/DIO_Module/latching_by_external_interrupt.o
 .comment       0x00000000       0x31 MCAL_Drivers/DIO_Module/latching_by_external_interrupt.o
 .text          0x00000000        0x0 MCAL_Drivers/DIO_Module/latching_by_flags.o
 .data          0x00000000        0x0 MCAL_Drivers/DIO_Module/latching_by_flags.o
 .bss           0x00000000        0x0 MCAL_Drivers/DIO_Module/latching_by_flags.o
 .debug_line    0x00000000        0x0 MCAL_Drivers/DIO_Module/latching_by_flags.o
 .debug_str     0x00000000      0x13b MCAL_Drivers/DIO_Module/latching_by_flags.o
 .comment       0x00000000       0x31 MCAL_Drivers/DIO_Module/latching_by_flags.o
 .text          0x00000000        0x0 MCAL_Drivers/DIO_Module/latch_by_pooling.o
 .data          0x00000000        0x0 MCAL_Drivers/DIO_Module/latch_by_pooling.o
 .bss           0x00000000        0x0 MCAL_Drivers/DIO_Module/latch_by_pooling.o
 .debug_line    0x00000000        0x0 MCAL_Drivers/DIO_Module/latch_by_pooling.o
 .debug_str     0x00000000      0x13a MCAL_Drivers/DIO_Module/latch_by_pooling.o
 .comment       0x00000000       0x31 MCAL_Drivers/DIO_Module/latch_by_pooling.o
 .text          0x00000000        0x0 MCAL_Drivers/EEPROM_Module/EEPROM.o
 .data          0x00000000        0x0 MCAL_Drivers/EEPROM_Module/EEPROM.o
 .bss           0x00000000        0x0 MCAL_Drivers/EEPROM_Module/EEPROM.o
 .text          0x00000000        0x0 MCAL_Drivers/Timer0/Timer0.o
 .data          0x00000000        0x0 MCAL_Drivers/Timer0/Timer0.o
 .bss           0x00000000        0x0 MCAL_Drivers/Timer0/Timer0.o
 .text.Timer0_normal_init
                0x00000000       0x12 MCAL_Drivers/Timer0/Timer0.o
 .text.Timer0_CTC_init
                0x00000000       0x14 MCAL_Drivers/Timer0/Timer0.o
 .text.Timer0_freq_gen_init
                0x00000000       0x1a MCAL_Drivers/Timer0/Timer0.o
 .debug_info    0x00000000       0xe1 MCAL_Drivers/Timer0/Timer0.o
 .debug_abbrev  0x00000000       0x92 MCAL_Drivers/Timer0/Timer0.o
 .debug_loc     0x00000000       0x5a MCAL_Drivers/Timer0/Timer0.o
 .debug_aranges
                0x00000000       0x30 MCAL_Drivers/Timer0/Timer0.o
 .debug_ranges  0x00000000       0x20 MCAL_Drivers/Timer0/Timer0.o
 .debug_line    0x00000000      0x118 MCAL_Drivers/Timer0/Timer0.o
 .debug_str     0x00000000      0x1f0 MCAL_Drivers/Timer0/Timer0.o
 .comment       0x00000000       0x31 MCAL_Drivers/Timer0/Timer0.o
 .debug_frame   0x00000000       0x44 MCAL_Drivers/Timer0/Timer0.o
 .text          0x00000000        0x0 Project/Locker_System/Locker_System.o
 .data          0x00000000        0x0 Project/Locker_System/Locker_System.o
 .bss           0x00000000        0x0 Project/Locker_System/Locker_System.o
 .text          0x00000000        0x0 c:/program files (x86)/atmel/studio/7.0/toolchain/avr8/avr8-gnu-toolchain/bin/../lib/gcc/avr/5.4.0/avr5\libgcc.a(_exit.o)
 .data          0x00000000        0x0 c:/program files (x86)/atmel/studio/7.0/toolchain/avr8/avr8-gnu-toolchain/bin/../lib/gcc/avr/5.4.0/avr5\libgcc.a(_exit.o)
 .bss           0x00000000        0x0 c:/program files (x86)/atmel/studio/7.0/toolchain/avr8/avr8-gnu-toolchain/bin/../lib/gcc/avr/5.4.0/avr5\libgcc.a(_exit.o)
 .text.libgcc.mul
                0x00000000        0x0 c:/program files (x86)/atmel/studio/7.0/toolchain/avr8/avr8-gnu-toolchain/bin/../lib/gcc/avr/5.4.0/avr5\libgcc.a(_exit.o)
 .text.libgcc.div
                0x00000000        0x0 c:/program files (x86)/atmel/studio/7.0/toolchain/avr8/avr8-gnu-toolchain/bin/../lib/gcc/avr/5.4.0/avr5\libgcc.a(_exit.o)
 .text.libgcc   0x00000000        0x0 c:/program files (x86)/atmel/studio/7.0/toolchain/avr8/avr8-gnu-toolchain/bin/../lib/gcc/avr/5.4.0/avr5\libgcc.a(_exit.o)
 .text.libgcc.prologue
                0x00000000        0x0 c:/program files (x86)/atmel/studio/7.0/toolchain/avr8/avr8-gnu-toolchain/bin/../lib/gcc/avr/5.4.0/avr5\libgcc.a(_exit.o)
 .text.libgcc.builtins
                0x00000000        0x0 c:/program files (x86)/atmel/studio/7.0/toolchain/avr8/avr8-gnu-toolchain/bin/../lib/gcc/avr/5.4.0/avr5\libgcc.a(_exit.o)
 .text.libgcc.fmul
                0x00000000        0x0 c:/program files (x86)/atmel/studio/7.0/toolchain/avr8/avr8-gnu-toolchain/bin/../lib/gcc/avr/5.4.0/avr5\libgcc.a(_exit.o)
 .text.libgcc.fixed
                0x00000000        0x0 c:/program files (x86)/atmel/studio/7.0/toolchain/avr8/avr8-gnu-toolchain/bin/../lib/gcc/avr/5.4.0/avr5\libgcc.a(_exit.o)
 .text          0x00000000        0x0 c:/program files (x86)/atmel/studio/7.0/toolchain/avr8/avr8-gnu-toolchain/bin/../lib/gcc/avr/5.4.0/avr5\libgcc.a(_tablejump2.o)
 .data          0x00000000        0x0 c:/program files (x86)/atmel/studio/7.0/toolchain/avr8/avr8-gnu-toolchain/bin/../lib/gcc/avr/5.4.0/avr5\libgcc.a(_tablejump2.o)
 .bss           0x00000000        0x0 c:/program files (x86)/atmel/studio/7.0/toolchain/avr8/avr8-gnu-toolchain/bin/../lib/gcc/avr/5.4.0/avr5\libgcc.a(_tablejump2.o)
 .text.libgcc.mul
                0x00000000        0x0 c:/program files (x86)/atmel/studio/7.0/toolchain/avr8/avr8-gnu-toolchain/bin/../lib/gcc/avr/5.4.0/avr5\libgcc.a(_tablejump2.o)
 .text.libgcc.div
                0x00000000        0x0 c:/program files (x86)/atmel/studio/7.0/toolchain/avr8/avr8-gnu-toolchain/bin/../lib/gcc/avr/5.4.0/avr5\libgcc.a(_tablejump2.o)
 .text.libgcc   0x00000000        0xc c:/program files (x86)/atmel/studio/7.0/toolchain/avr8/avr8-gnu-toolchain/bin/../lib/gcc/avr/5.4.0/avr5\libgcc.a(_tablejump2.o)
 .text.libgcc.prologue
                0x00000000        0x0 c:/program files (x86)/atmel/studio/7.0/toolchain/avr8/avr8-gnu-toolchain/bin/../lib/gcc/avr/5.4.0/avr5\libgcc.a(_tablejump2.o)
 .text.libgcc.builtins
                0x00000000        0x0 c:/program files (x86)/atmel/studio/7.0/toolchain/avr8/avr8-gnu-toolchain/bin/../lib/gcc/avr/5.4.0/avr5\libgcc.a(_tablejump2.o)
 .text.libgcc.fmul
                0x00000000        0x0 c:/program files (x86)/atmel/studio/7.0/toolchain/avr8/avr8-gnu-toolchain/bin/../lib/gcc/avr/5.4.0/avr5\libgcc.a(_tablejump2.o)
 .text.libgcc.fixed
                0x00000000        0x0 c:/program files (x86)/atmel/studio/7.0/toolchain/avr8/avr8-gnu-toolchain/bin/../lib/gcc/avr/5.4.0/avr5\libgcc.a(_tablejump2.o)
 .text          0x00000000        0x0 c:/program files (x86)/atmel/studio/7.0/toolchain/avr8/avr8-gnu-toolchain/bin/../lib/gcc/avr/5.4.0/avr5\libgcc.a(_copy_data.o)
 .data          0x00000000        0x0 c:/program files (x86)/atmel/studio/7.0/toolchain/avr8/avr8-gnu-toolchain/bin/../lib/gcc/avr/5.4.0/avr5\libgcc.a(_copy_data.o)
 .bss           0x00000000        0x0 c:/program files (x86)/atmel/studio/7.0/toolchain/avr8/avr8-gnu-toolchain/bin/../lib/gcc/avr/5.4.0/avr5\libgcc.a(_copy_data.o)
 .text.libgcc.mul
                0x00000000        0x0 c:/program files (x86)/atmel/studio/7.0/toolchain/avr8/avr8-gnu-toolchain/bin/../lib/gcc/avr/5.4.0/avr5\libgcc.a(_copy_data.o)
 .text.libgcc.div
                0x00000000        0x0 c:/program files (x86)/atmel/studio/7.0/toolchain/avr8/avr8-gnu-toolchain/bin/../lib/gcc/avr/5.4.0/avr5\libgcc.a(_copy_data.o)
 .text.libgcc   0x00000000        0x0 c:/program files (x86)/atmel/studio/7.0/toolchain/avr8/avr8-gnu-toolchain/bin/../lib/gcc/avr/5.4.0/avr5\libgcc.a(_copy_data.o)
 .text.libgcc.prologue
                0x00000000        0x0 c:/program files (x86)/atmel/studio/7.0/toolchain/avr8/avr8-gnu-toolchain/bin/../lib/gcc/avr/5.4.0/avr5\libgcc.a(_copy_data.o)
 .text.libgcc.builtins
                0x00000000        0x0 c:/program files (x86)/atmel/studio/7.0/toolchain/avr8/avr8-gnu-toolchain/bin/../lib/gcc/avr/5.4.0/avr5\libgcc.a(_copy_data.o)
 .text.libgcc.fmul
                0x00000000        0x0 c:/program files (x86)/atmel/studio/7.0/toolchain/avr8/avr8-gnu-toolchain/bin/../lib/gcc/avr/5.4.0/avr5\libgcc.a(_copy_data.o)
 .text.libgcc.fixed
                0x00000000        0x0 c:/program files (x86)/atmel/studio/7.0/toolchain/avr8/avr8-gnu-toolchain/bin/../lib/gcc/avr/5.4.0/avr5\libgcc.a(_copy_data.o)
 .text          0x00000000        0x0 c:/program files (x86)/atmel/studio/7.0/toolchain/avr8/avr8-gnu-toolchain/bin/../lib/gcc/avr/5.4.0/avr5\libgcc.a(_clear_bss.o)
 .data          0x00000000        0x0 c:/program files (x86)/atmel/studio/7.0/toolchain/avr8/avr8-gnu-toolchain/bin/../lib/gcc/avr/5.4.0/avr5\libgcc.a(_clear_bss.o)
 .bss           0x00000000        0x0 c:/program files (x86)/atmel/studio/7.0/toolchain/avr8/avr8-gnu-toolchain/bin/../lib/gcc/avr/5.4.0/avr5\libgcc.a(_clear_bss.o)
 .text.libgcc.mul
                0x00000000        0x0 c:/program files (x86)/atmel/studio/7.0/toolchain/avr8/avr8-gnu-toolchain/bin/../lib/gcc/avr/5.4.0/avr5\libgcc.a(_clear_bss.o)
 .text.libgcc.div
                0x00000000        0x0 c:/program files (x86)/atmel/studio/7.0/toolchain/avr8/avr8-gnu-toolchain/bin/../lib/gcc/avr/5.4.0/avr5\libgcc.a(_clear_bss.o)
 .text.libgcc   0x00000000        0x0 c:/program files (x86)/atmel/studio/7.0/toolchain/avr8/avr8-gnu-toolchain/bin/../lib/gcc/avr/5.4.0/avr5\libgcc.a(_clear_bss.o)
 .text.libgcc.prologue
                0x00000000        0x0 c:/program files (x86)/atmel/studio/7.0/toolchain/avr8/avr8-gnu-toolchain/bin/../lib/gcc/avr/5.4.0/avr5\libgcc.a(_clear_bss.o)
 .text.libgcc.builtins
                0x00000000        0x0 c:/program files (x86)/atmel/studio/7.0/toolchain/avr8/avr8-gnu-toolchain/bin/../lib/gcc/avr/5.4.0/avr5\libgcc.a(_clear_bss.o)
 .text.libgcc.fmul
                0x00000000        0x0 c:/program files (x86)/atmel/studio/7.0/toolchain/avr8/avr8-gnu-toolchain/bin/../lib/gcc/avr/5.4.0/avr5\libgcc.a(_clear_bss.o)
 .text.libgcc.fixed
                0x00000000        0x0 c:/program files (x86)/atmel/studio/7.0/toolchain/avr8/avr8-gnu-toolchain/bin/../lib/gcc/avr/5.4.0/avr5\libgcc.a(_clear_bss.o)
 .text          0x00000000        0x0 c:/program files (x86)/atmel/studio/7.0/toolchain/avr8/avr8-gnu-toolchain/bin/../lib/gcc/avr/5.4.0/avr5\libgcc.a(_umulhisi3.o)
 .data          0x00000000        0x0 c:/program files (x86)/atmel/studio/7.0/toolchain/avr8/avr8-gnu-toolchain/bin/../lib/gcc/avr/5.4.0/avr5\libgcc.a(_umulhisi3.o)
 .bss           0x00000000        0x0 c:/program files (x86)/atmel/studio/7.0/toolchain/avr8/avr8-gnu-toolchain/bin/../lib/gcc/avr/5.4.0/avr5\libgcc.a(_umulhisi3.o)
 .text.libgcc.div
                0x00000000        0x0 c:/program files (x86)/atmel/studio/7.0/toolchain/avr8/avr8-gnu-toolchain/bin/../lib/gcc/avr/5.4.0/avr5\libgcc.a(_umulhisi3.o)
 .text.libgcc   0x00000000        0x0 c:/program files (x86)/atmel/studio/7.0/toolchain/avr8/avr8-gnu-toolchain/bin/../lib/gcc/avr/5.4.0/avr5\libgcc.a(_umulhisi3.o)
 .text.libgcc.prologue
                0x00000000        0x0 c:/program files (x86)/atmel/studio/7.0/toolchain/avr8/avr8-gnu-toolchain/bin/../lib/gcc/avr/5.4.0/avr5\libgcc.a(_umulhisi3.o)
 .text.libgcc.builtins
                0x00000000        0x0 c:/program files (x86)/atmel/studio/7.0/toolchain/avr8/avr8-gnu-toolchain/bin/../lib/gcc/avr/5.4.0/avr5\libgcc.a(_umulhisi3.o)
 .text.libgcc.fmul
                0x00000000        0x0 c:/program files (x86)/atmel/studio/7.0/toolchain/avr8/avr8-gnu-toolchain/bin/../lib/gcc/avr/5.4.0/avr5\libgcc.a(_umulhisi3.o)
 .text.libgcc.fixed
                0x00000000        0x0 c:/program files (x86)/atmel/studio/7.0/toolchain/avr8/avr8-gnu-toolchain/bin/../lib/gcc/avr/5.4.0/avr5\libgcc.a(_umulhisi3.o)

Memory Configuration

Name             Origin             Length             Attributes
text             0x00000000         0x00008000         xr
data             0x00800060         0x00000800         rw !x
eeprom           0x00810000         0x00000400         rw !x
fuse             0x00820000         0x00000002         rw !x
lock             0x00830000         0x00000400         rw !x
signature        0x00840000         0x00000400         rw !x
user_signatures  0x00850000         0x00000400         rw !x
*default*        0x00000000         0xffffffff

Linker script and memory map

LOAD C:/Program Files (x86)/Atmel/Studio/7.0/Packs/atmel/ATmega_DFP/1.6.364/gcc/dev/atmega32/avr5/crtatmega32.o
LOAD Applications/Calculator_app.o
LOAD Applications/eeprom_app.o
LOAD Applications/LCD_Keypad_app.o
LOAD Applications/Seven_Segement_app.o
LOAD Applications/Seven_Segement_Timer_app.o
LOAD Applications/Timer0_app.o
LOAD Applications/Timer0_Freq_generator.o
LOAD HAL_Drivers/Keypad_Module/keypad.o
LOAD HAL_Drivers/LCD_Module/LCD.o
LOAD HAL_Drivers/Seven_Segement/Seven_Segement.o
LOAD MCAL_Drivers/DIO_Module/latching_by_external_interrupt.o
LOAD MCAL_Drivers/DIO_Module/latching_by_flags.o
LOAD MCAL_Drivers/DIO_Module/latch_by_pooling.o
LOAD MCAL_Drivers/EEPROM_Module/EEPROM.o
LOAD MCAL_Drivers/Timer0/Timer0.o
LOAD Project/Locker_System/Locker_System.o
START GROUP
LOAD c:/program files (x86)/atmel/studio/7.0/toolchain/avr8/avr8-gnu-toolchain/bin/../lib/gcc/avr/5.4.0/../../../../avr/lib/avr5\libm.a
END GROUP
START GROUP
LOAD c:/program files (x86)/atmel/studio/7.0/toolchain/avr8/avr8-gnu-toolchain/bin/../lib/gcc/avr/5.4.0/avr5\libgcc.a
LOAD c:/program files (x86)/atmel/studio/7.0/toolchain/avr8/avr8-gnu-toolchain/bin/../lib/gcc/avr/5.4.0/../../../../avr/lib/avr5\libm.a
LOAD c:/program files (x86)/atmel/studio/7.0/toolchain/avr8/avr8-gnu-toolchain/bin/../lib/gcc/avr/5.4.0/../../../../avr/lib/avr5\libc.a
LOAD C:/Program Files (x86)/Atmel/Studio/7.0/Packs/atmel/ATmega_DFP/1.6.364/gcc/dev/atmega32/avr5\libatmega32.a
END GROUP
                0x00000000                __TEXT_REGION_ORIGIN__ = DEFINED (__TEXT_REGION_ORIGIN__)?__TEXT_REGION_ORIGIN__:0x0
                [0x00800060]                __DATA_REGION_ORIGIN__ = DEFINED (__DATA_REGION_ORIGIN__)?__DATA_REGION_ORIGIN__:0x800060
                [0x00008000]                __TEXT_REGION_LENGTH__ = DEFINED (__TEXT_REGION_LENGTH__)?__TEXT_REGION_LENGTH__:0x20000
                [0x00000800]                __DATA_REGION_LENGTH__ = DEFINED (__DATA_REGION_LENGTH__)?__DATA_REGION_LENGTH__:0xffa0
                [0x00000400]                __EEPROM_REGION_LENGTH__ = DEFINED (__EEPROM_REGION_LENGTH__)?__EEPROM_REGION_LENGTH__:0x10000
                [0x00000002]                __FUSE_REGION_LENGTH__ = DEFINED (__FUSE_REGION_LENGTH__)?__FUSE_REGION_LENGTH__:0x400
                0x00000400                __LOCK_REGION_LENGTH__ = DEFINED (__LOCK_REGION_LENGTH__)?__LOCK_REGION_LENGTH__:0x400
                0x00000400                __SIGNATURE_REGION_LENGTH__ = DEFINED (__SIGNATURE_REGION_LENGTH__)?__SIGNATURE_REGION_LENGTH__:0x400
                0x00000400                __USER_SIGNATURE_REGION_LENGTH__ = DEFINED (__USER_SIGNATURE_REGION_LENGTH__)?__USER_SIGNATURE_REGION_LENGTH__:0x400

.hash
 *(.hash)

.dynsym
 *(.dynsym)

.dynstr
 *(.dynstr)

.gnu.version
 *(.gnu.version)

.gnu.version_d
 *(.gnu.version_d)

.gnu.version_r
 *(.gnu.version_r)

.rel.init
 *(.rel.init)

.rela.init
 *(.rela.init)

.rel.text
 *(.rel.text)
 *(.rel.text.*)
 *(.rel.gnu.linkonce.t*)

.rela.text
 *(.rela.text)
 *(.rela.text.*)
 *(.rela.gnu.linkonce.t*)

.rel.fini
 *(.rel.fini)

.rela.fini
 *(.rela.fini)

.rel.rodata
 *(.rel.rodata)
 *(.rel.rodata.*)
 *(.rel.gnu.linkonce.r*)

.rela.rodata
 *(.rela.rodata)
 *(.rela.rodata.*)
 *(.rela.gnu.linkonce.r*)

.rel.data
 *(.rel.data)
 *(.rel.data.*)
 *(.rel.gnu.linkonce.d*)

.rela.data
 *(.rela.data)
 *(.rela.data.*)
 *(.rela.gnu.linkonce.d*)

.rel.ctors
 *(.rel.ctors)

.rela.ctors
 *(.rela.ctors)

.rel.dtors
 *(.rel.dtors)

.rela.dtors
 *(.rela.dtors)

.rel.got
 *(.rel.got)

.rela.got
 *(.rela.got)

.rel.bss
 *(.rel.bss)

.rela.bss
 *(.rela.bss)

.rel.plt
 *(.rel.plt)

.rela.plt
 *(.rela.plt)

.text           0x00000000      0x91a
 *(.vectors)
 .vectors       0x00000000       0x54 C:/Program Files (x86)/Atmel/Studio/7.0/Packs/atmel/ATmega_DFP/1.6.364/gcc/dev/atmega32/avr5/crtatmega32.o
                0x00000000                __vector_default
                0x00000000                __vectors
 *(.vectors)
 *(.progmem.gcc*)
                0x00000054                . = ALIGN (0x2)
                0x00000054                __trampolines_start = .
 *(.trampolines)
 .trampolines   0x00000054        0x0 linker stubs
 *(.trampolines*)
                0x00000054                __trampolines_end = .
 *libprintf_flt.a:*(.progmem.data)
 *libc.a:*(.progmem.data)
 *(.progmem*)
                0x00000054                . = ALIGN (0x2)
 *(.jumptables)
 *(.jumptables*)
 *(.lowtext)
 *(.lowtext*)
                0x00000054                __ctors_start = .
 *(.ctors)
                0x00000054                __ctors_end = .
                0x00000054                __dtors_start = .
 *(.dtors)
                0x00000054                __dtors_end = .
 SORT(*)(.ctors)
 SORT(*)(.dtors)
 *(.init0)
 .init0         0x00000054        0x0 C:/Program Files (x86)/Atmel/Studio/7.0/Packs/atmel/ATmega_DFP/1.6.364/gcc/dev/atmega32/avr5/crtatmega32.o
                0x00000054                __init
 *(.init0)
 *(.init1)
 *(.init1)
 *(.init2)
 .init2         0x00000054        0xc C:/Program Files (x86)/Atmel/Studio/7.0/Packs/atmel/ATmega_DFP/1.6.364/gcc/dev/atmega32/avr5/crtatmega32.o
 *(.init2)
 *(.init3)
 *(.init3)
 *(.init4)
 .init4         0x00000060       0x16 c:/program files (x86)/atmel/studio/7.0/toolchain/avr8/avr8-gnu-toolchain/bin/../lib/gcc/avr/5.4.0/avr5\libgcc.a(_copy_data.o)
                0x00000060                __do_copy_data
 .init4         0x00000076       0x10 c:/program files (x86)/atmel/studio/7.0/toolchain/avr8/avr8-gnu-toolchain/bin/../lib/gcc/avr/5.4.0/avr5\libgcc.a(_clear_bss.o)
                0x00000076                __do_clear_bss
 *(.init4)
 *(.init5)
 *(.init5)
 *(.init6)
 *(.init6)
 *(.init7)
 *(.init7)
 *(.init8)
 *(.init8)
 *(.init9)
 .init9         0x00000086        0x8 C:/Program Files (x86)/Atmel/Studio/7.0/Packs/atmel/ATmega_DFP/1.6.364/gcc/dev/atmega32/avr5/crtatmega32.o
 *(.init9)
 *(.text)
 .text          0x0000008e        0x4 C:/Program Files (x86)/Atmel/Studio/7.0/Packs/atmel/ATmega_DFP/1.6.364/gcc/dev/atmega32/avr5/crtatmega32.o
                0x0000008e                __vector_1
                0x0000008e                __vector_12
                0x0000008e                __bad_interrupt
                0x0000008e                __vector_6
                0x0000008e                __vector_3
                0x0000008e                __vector_11
                0x0000008e                __vector_13
                0x0000008e                __vector_17
                0x0000008e                __vector_19
                0x0000008e                __vector_7
                0x0000008e                __vector_5
                0x0000008e                __vector_4
                0x0000008e                __vector_9
                0x0000008e                __vector_2
                0x0000008e                __vector_15
                0x0000008e                __vector_8
                0x0000008e                __vector_14
                0x0000008e                __vector_10
                0x0000008e                __vector_16
                0x0000008e                __vector_18
                0x0000008e                __vector_20
                0x00000092                . = ALIGN (0x2)
 *(.text.*)
 .text.KEYPAD_init
                0x00000092        0xc HAL_Drivers/Keypad_Module/keypad.o
                0x00000092                KEYPAD_init
 .text.KEYPAD_Read
                0x0000009e      0x114 HAL_Drivers/Keypad_Module/keypad.o
                0x0000009e                KEYPAD_Read
 .text.LCD_write_command
                0x000001b2       0xd4 HAL_Drivers/LCD_Module/LCD.o
                0x000001b2                LCD_write_command
 .text.LCD_init
                0x00000286       0x6c HAL_Drivers/LCD_Module/LCD.o
                0x00000286                LCD_init
 .text.LCD_write_char
                0x000002f2       0xde HAL_Drivers/LCD_Module/LCD.o
                0x000002f2                LCD_write_char
 .text.LCD_write_string
                0x000003d0       0x26 HAL_Drivers/LCD_Module/LCD.o
                0x000003d0                LCD_write_string
 .text.LCD_write_num
                0x000003f6       0xb8 HAL_Drivers/LCD_Module/LCD.o
                0x000003f6                LCD_write_num
 .text.EEPROM_write
                0x000004ae       0x18 MCAL_Drivers/EEPROM_Module/EEPROM.o
                0x000004ae                EEPROM_write
 .text.EEPROM_read
                0x000004c6       0x12 MCAL_Drivers/EEPROM_Module/EEPROM.o
                0x000004c6                EEPROM_read
 .text.main     0x000004d8      0x420 Project/Locker_System/Locker_System.o
                0x000004d8                main
 .text.libgcc.mul
                0x000008f8       0x1e c:/program files (x86)/atmel/studio/7.0/toolchain/avr8/avr8-gnu-toolchain/bin/../lib/gcc/avr/5.4.0/avr5\libgcc.a(_umulhisi3.o)
                0x000008f8                __umulhisi3
                0x00000916                . = ALIGN (0x2)
 *(.fini9)
 .fini9         0x00000916        0x0 c:/program files (x86)/atmel/studio/7.0/toolchain/avr8/avr8-gnu-toolchain/bin/../lib/gcc/avr/5.4.0/avr5\libgcc.a(_exit.o)
                0x00000916                _exit
                0x00000916                exit
 *(.fini9)
 *(.fini8)
 *(.fini8)
 *(.fini7)
 *(.fini7)
 *(.fini6)
 *(.fini6)
 *(.fini5)
 *(.fini5)
 *(.fini4)
 *(.fini4)
 *(.fini3)
 *(.fini3)
 *(.fini2)
 *(.fini2)
 *(.fini1)
 *(.fini1)
 *(.fini0)
 .fini0         0x00000916        0x4 c:/program files (x86)/atmel/studio/7.0/toolchain/avr8/avr8-gnu-toolchain/bin/../lib/gcc/avr/5.4.0/avr5\libgcc.a(_exit.o)
 *(.fini0)
                0x0000091a                _etext = .

.data           0x00800060       0x4e load address 0x0000091a
                0x00800060                PROVIDE (__data_start, .)
 *(.data)
 *(.data*)
 *(.gnu.linkonce.d*)
 *(.rodata)
 *(.rodata*)
 .rodata.str1.1
                0x00800060       0x4d Project/Locker_System/Locker_System.o
 *(.gnu.linkonce.r*)
                0x008000ae                . = ALIGN (0x2)
 *fill*         0x008000ad        0x1 
                0x008000ae                _edata = .
                0x008000ae                PROVIDE (__data_end, .)

.bss            0x008000ae        0x1
                0x008000ae                PROVIDE (__bss_start, .)
 *(.bss)
 *(.bss*)
 .bss.number_of_char.1751
                0x008000ae        0x1 HAL_Drivers/LCD_Module/LCD.o
 *(COMMON)
                0x008000af                PROVIDE (__bss_end, .)
                0x0000091a                __data_load_start = LOADADDR (.data)
                0x00000968                __data_load_end = (__data_load_start + SIZEOF (.data))

.noinit         0x008000af        0x0
                [!provide]                PROVIDE (__noinit_start, .)
 *(.noinit*)
                [!provide]                PROVIDE (__noinit_end, .)
                0x008000af                _end = .
                [!provide]                PROVIDE (__heap_start, .)

.eeprom         0x00810000        0x0
 *(.eeprom*)
                0x00810000                __eeprom_end = .

.fuse
 *(.fuse)
 *(.lfuse)
 *(.hfuse)
 *(.efuse)

.lock
 *(.lock*)

.signature
 *(.signature*)

.user_signatures
 *(.user_signatures*)

.stab
 *(.stab)

.stabstr
 *(.stabstr)

.stab.excl
 *(.stab.excl)

.stab.exclstr
 *(.stab.exclstr)

.stab.index
 *(.stab.index)

.stab.indexstr
 *(.stab.indexstr)

.comment        0x00000000       0x30
 *(.comment)
 .comment       0x00000000       0x30 HAL_Drivers/Keypad_Module/keypad.o
                                 0x31 (size before relaxing)
 .comment       0x00000030       0x31 HAL_Drivers/LCD_Module/LCD.o
 .comment       0x00000030       0x31 MCAL_Drivers/EEPROM_Module/EEPROM.o
 .comment       0x00000030       0x31 Project/Locker_System/Locker_System.o

.note.gnu.avr.deviceinfo
                0x00000000       0x3c
 .note.gnu.avr.deviceinfo
                0x00000000       0x3c C:/Program Files (x86)/Atmel/Studio/7.0/Packs/atmel/ATmega_DFP/1.6.364/gcc/dev/atmega32/avr5/crtatmega32.o

.note.gnu.build-id
 *(.note.gnu.build-id)

.debug
 *(.debug)

.line
 *(.line)

.debug_srcinfo
 *(.debug_srcinfo)

.debug_sfnames
 *(.debug_sfnames)

.debug_aranges  0x00000000       0xb0
 *(.debug_aranges)
 .debug_aranges
                0x00000000       0x28 HAL_Drivers/Keypad_Module/keypad.o
 .debug_aranges
                0x00000028       0x40 HAL_Drivers/LCD_Module/LCD.o
 .debug_aranges
                0x00000068       0x28 MCAL_Drivers/EEPROM_Module/EEPROM.o
 .debug_aranges
                0x00000090       0x20 Project/Locker_System/Locker_System.o

.debug_pubnames
 *(.debug_pubnames)

.debug_info     0x00000000     0x1327
 *(.debug_info .gnu.linkonce.wi.*)
 .debug_info    0x00000000      0x4e6 C:/Program Files (x86)/Atmel/Studio/7.0/Packs/atmel/ATmega_DFP/1.6.364/gcc/dev/atmega32/avr5/crtatmega32.o
 .debug_info    0x000004e6      0x219 HAL_Drivers/Keypad_Module/keypad.o
 .debug_info    0x000006ff      0x4f1 HAL_Drivers/LCD_Module/LCD.o
 .debug_info    0x00000bf0       0xe7 MCAL_Drivers/EEPROM_Module/EEPROM.o
 .debug_info    0x00000cd7      0x650 Project/Locker_System/Locker_System.o

.debug_abbrev   0x00000000      0x8c7
 *(.debug_abbrev)
 .debug_abbrev  0x00000000      0x4a3 C:/Program Files (x86)/Atmel/Studio/7.0/Packs/atmel/ATmega_DFP/1.6.364/gcc/dev/atmega32/avr5/crtatmega32.o
 .debug_abbrev  0x000004a3      0x10e HAL_Drivers/Keypad_Module/keypad.o
 .debug_abbrev  0x000005b1      0x179 HAL_Drivers/LCD_Module/LCD.o
 .debug_abbrev  0x0000072a       0x8b MCAL_Drivers/EEPROM_Module/EEPROM.o
 .debug_abbrev  0x000007b5      0x112 Project/Locker_System/Locker_System.o

.debug_line     0x00000000      0xe47
 *(.debug_line .debug_line.* .debug_line_end)
 .debug_line    0x00000000      0x116 C:/Program Files (x86)/Atmel/Studio/7.0/Packs/atmel/ATmega_DFP/1.6.364/gcc/dev/atmega32/avr5/crtatmega32.o
 .debug_line    0x00000116      0x245 HAL_Drivers/Keypad_Module/keypad.o
 .debug_line    0x0000035b      0x4bb HAL_Drivers/LCD_Module/LCD.o
 .debug_line    0x00000816      0x116 MCAL_Drivers/EEPROM_Module/EEPROM.o
 .debug_line    0x0000092c      0x51b Project/Locker_System/Locker_System.o

.debug_frame    0x00000000      0x11c
 *(.debug_frame)
 .debug_frame   0x00000000       0x34 HAL_Drivers/Keypad_Module/keypad.o
 .debug_frame   0x00000034       0x90 HAL_Drivers/LCD_Module/LCD.o
 .debug_frame   0x000000c4       0x34 MCAL_Drivers/EEPROM_Module/EEPROM.o
 .debug_frame   0x000000f8       0x24 Project/Locker_System/Locker_System.o

.debug_str      0x00000000      0x4f7
 *(.debug_str)
 .debug_str     0x00000000      0x196 C:/Program Files (x86)/Atmel/Studio/7.0/Packs/atmel/ATmega_DFP/1.6.364/gcc/dev/atmega32/avr5/crtatmega32.o
 .debug_str     0x00000196      0x204 HAL_Drivers/Keypad_Module/keypad.o
                                0x23f (size before relaxing)
 .debug_str     0x0000039a       0x9f HAL_Drivers/LCD_Module/LCD.o
                                0x29a (size before relaxing)
 .debug_str     0x00000439       0x48 MCAL_Drivers/EEPROM_Module/EEPROM.o
                                0x1ee (size before relaxing)
 .debug_str     0x00000481       0x76 Project/Locker_System/Locker_System.o
                                0x2ef (size before relaxing)

.debug_loc      0x00000000      0xa27
 *(.debug_loc)
 .debug_loc     0x00000000      0x118 HAL_Drivers/Keypad_Module/keypad.o
 .debug_loc     0x00000118      0x4ab HAL_Drivers/LCD_Module/LCD.o
 .debug_loc     0x000005c3       0x4c MCAL_Drivers/EEPROM_Module/EEPROM.o
 .debug_loc     0x0000060f      0x418 Project/Locker_System/Locker_System.o

.debug_macinfo
 *(.debug_macinfo)

.debug_weaknames
 *(.debug_weaknames)

.debug_funcnames
 *(.debug_funcnames)

.debug_typenames
 *(.debug_typenames)

.debug_varnames
 *(.debug_varnames)

.debug_pubtypes
 *(.debug_pubtypes)

.debug_ranges   0x00000000       0x70
 *(.debug_ranges)
 .debug_ranges  0x00000000       0x18 HAL_Drivers/Keypad_Module/keypad.o
 .debug_ranges  0x00000018       0x30 HAL_Drivers/LCD_Module/LCD.o
 .debug_ranges  0x00000048       0x18 MCAL_Drivers/EEPROM_Module/EEPROM.o
 .debug_ranges  0x00000060       0x10 Project/Locker_System/Locker_System.o

.debug_macro
 *(.debug_macro)
OUTPUT(SA_Drivers_New.elf elf32-avr)
LOAD linker stubs
